10.1.1.1 - - [02/Apr/2026:19:30:01 +0000] "GET /cart HTTP/1.1" 200 2855 "https://technologyclassroom.org/" "Mozilla/5.0 (iPhone; CPU iPhone OS 16_6_1 like Mac OS X) AppleWebKit/605.1.15 (KHTML, like Gecko) Version/16.6 Mobile/15E148 Safari/604.1"
192.0.78.13 - - [02/Apr/2026:19:30:03 +0000] "POST /logout HTTP/1.1" 200 1758 "https://technologyclassroom.org/services" "Mozilla/5.0 (Windows NT 10.0; Win64; x64) AppleWebKit/537.36 (KHTML, like Gecko) Chrome/117.0.0.0 Safari/537.36"
198.51.100.22 - - [02/Apr/2026:19:30:05 +0000] "GET /dashboard HTTP/1.1" 304 386 "https://technologyclassroom.org/" "Mozilla/5.0 (Windows NT 10.0; Win64; x64) AppleWebKit/537.36 (KHTML, like Gecko) Chrome/117.0.0.0 Safari/537.36"
192.168.100.10 - - [02/Apr/2026:19:30:08 +0000] "GET /checkout HTTP/1.1" 404 309 "-" "Mozilla/5.0 (Linux; Android 9; Nokia 7.1) AppleWebKit/537.36 (KHTML, like Gecko) Chrome/117.0.0.0 Mobile Safari/537.36"
203.0.113.10 - - [02/Apr/2026:19:30:10 +0000] "GET /cart HTTP/1.1" 302 351 "https://t.co/" "Mozilla/5.0 (Linux; Android 9; Nokia 7.1) AppleWebKit/537.36 (KHTML, like Gecko) Chrome/117.0.0.0 Mobile Safari/537.36"
10.0.0.1 - - [02/Apr/2026:19:30:12 +0000] "GET /dashboard HTTP/1.1" 200 4884 "https://www.linkedin.com/" "Mozilla/5.0 (iPad; CPU OS 16_0 like Mac OS X) AppleWebKit/605.1.15 (KHTML, like Gecko) Version/16.0 Mobile/15E148 Safari/604.1"
203.0.113.250 - - [02/Apr/2026:19:30:14 +0000] "GET /checkout HTTP/1.1" 302 319 "-" "Mozilla/5.0 (Windows NT 10.0; Win64; x64; rv:109.0) Gecko/20100101 Firefox/118.0"
203.0.113.45 - - [02/Apr/2026:19:30:15 +0000] "GET /logout HTTP/1.1" 200 3435 "https://technologyclassroom.org/about" "Mozilla/5.0 (Windows NT 10.0; Win64; x64; rv:109.0) Gecko/20100101 Firefox/118.0"
192.0.78.14 - - [02/Apr/2026:19:30:18 +0000] "GET /testimonials HTTP/1.1" 200 4472 "https://www.reddit.com/" "Mozilla/5.0 (Windows NT 10.0; Win64; x64) AppleWebKit/537.36 (KHTML, like Gecko) Chrome/117.0.0.0 Safari/537.36"
198.51.100.50 - - [02/Apr/2026:19:30:20 +0000] "GET / HTTP/1.1" 200 1555 "https://www.facebook.com/" "Mozilla/5.0 (iPhone; CPU iPhone OS 16_6_1 like Mac OS X) AppleWebKit/605.1.15 (KHTML, like Gecko) Version/16.6 Mobile/15E148 Safari/604.1"
169.254.169.254 - - [02/Apr/2026:19:30:23 +0000] "GET /checkout HTTP/1.1" 304 398 "https://technologyclassroom.org/blog/post1" "Mozilla/5.0 (Linux; Android 9; Nokia 7.1) AppleWebKit/537.36 (KHTML, like Gecko) Chrome/117.0.0.0 Mobile Safari/537.36"
185.199.108.154 - - [02/Apr/2026:19:30:25 +0000] "GET /portfolio HTTP/1.1" 500 442 "https://technologyclassroom.org/" "Mozilla/5.0 (Windows NT 10.0; Win64; x64; rv:109.0) Gecko/20100101 Firefox/118.0"
192.0.78.13 - - [02/Apr/2026:19:30:28 +0000] "GET /products HTTP/1.1" 404 219 "https://www.facebook.com/" "Mozilla/5.0 (iPhone; CPU iPhone OS 16_6_1 like Mac OS X) AppleWebKit/605.1.15 (KHTML, like Gecko) Version/16.6 Mobile/15E148 Safari/604.1"
10.0.0.1 - - [02/Apr/2026:19:30:29 +0000] "GET / HTTP/1.1" 200 3107 "https://www.google.com/" "Mozilla/5.0 (Linux; Android 10; SM-A505F) AppleWebKit/537.36 (KHTML, like Gecko) Chrome/117.0.0.0 Mobile Safari/537.36"
169.254.169.254 - - [02/Apr/2026:19:30:30 +0000] "GET /about HTTP/1.1" 404 293 "https://www.reddit.com/" "Mozilla/5.0 (Linux; Android 12; Pixel 5) AppleWebKit/537.36 (KHTML, like Gecko) Chrome/117.0.0.0 Mobile Safari/537.36"
144.96.23.25 - - [02/Apr/2026:19:30:33 +0000] "GET /dashboard HTTP/1.1" 200 3577 "https://t.co/" "Mozilla/5.0 (Linux; Android 12; Pixel 5) AppleWebKit/537.36 (KHTML, like Gecko) Chrome/117.0.0.0 Mobile Safari/537.36"
203.0.113.45 - - [02/Apr/2026:19:30:35 +0000] "POST /login HTTP/1.1" 200 4730 "https://technologyclassroom.org/blog/post1" "Mozilla/5.0 (Windows NT 10.0; Win64; x64; rv:109.0) Gecko/20100101 Firefox/118.0"
203.0.113.10 - - [02/Apr/2026:19:30:38 +0000] "POST /register HTTP/1.1" 200 3149 "https://technologyclassroom.org/blog/post1" "Mozilla/5.0 (Macintosh; Intel Mac OS X 10_15_7) AppleWebKit/605.1.15 (KHTML, like Gecko) Version/16.6 Safari/605.1.15"
192.168.1.1 - - [02/Apr/2026:19:30:40 +0000] "GET /services HTTP/1.1" 200 2584 "https://www.google.com/" "Mozilla/5.0 (Linux; Android 10; SM-A505F) AppleWebKit/537.36 (KHTML, like Gecko) Chrome/117.0.0.0 Mobile Safari/537.36"
203.0.113.250 - - [02/Apr/2026:19:30:43 +0000] "GET /dashboard HTTP/1.1" 200 4186 "https://technologyclassroom.org/services" "Mozilla/5.0 (iPhone; CPU iPhone OS 16_6_1 like Mac OS X) AppleWebKit/605.1.15 (KHTML, like Gecko) Version/16.6 Mobile/15E148 Safari/604.1"
185.199.108.154 - - [02/Apr/2026:19:30:44 +0000] "GET /api/v1/products HTTP/1.1" 200 2062 "https://technologyclassroom.org/" "Mozilla/5.0 (Windows NT 10.0; Win64; x64) AppleWebKit/537.36 (KHTML, like Gecko) Chrome/117.0.0.0 Safari/537.36"
192.0.78.14 - - [02/Apr/2026:19:30:46 +0000] "GET /about HTTP/1.1" 500 324 "https://www.reddit.com/" "Mozilla/5.0 (Windows NT 10.0; Win64; x64) AppleWebKit/537.36 (KHTML, like Gecko) Chrome/117.0.0.0 Safari/537.36"
192.168.100.10 - - [02/Apr/2026:19:30:48 +0000] "GET /checkout HTTP/1.1" 302 454 "https://technologyclassroom.org/products" "Mozilla/5.0 (Macintosh; Intel Mac OS X 10_15_7) AppleWebKit/605.1.15 (KHTML, like Gecko) Version/16.6 Safari/605.1.15"
203.0.113.10 - - [02/Apr/2026:19:30:50 +0000] "GET /checkout HTTP/1.1" 200 3739 "https://technologyclassroom.org/blog/post1" "Mozilla/5.0 (iPad; CPU OS 16_0 like Mac OS X) AppleWebKit/605.1.15 (KHTML, like Gecko) Version/16.0 Mobile/15E148 Safari/604.1"
185.199.108.154 - - [02/Apr/2026:19:30:53 +0000] "POST /login HTTP/1.1" 200 1883 "https://technologyclassroom.org/products" "Mozilla/5.0 (Linux; Android 9; Nokia 7.1) AppleWebKit/537.36 (KHTML, like Gecko) Chrome/117.0.0.0 Mobile Safari/537.36"
172.16.0.1 - - [02/Apr/2026:19:30:56 +0000] "GET /checkout HTTP/1.1" 200 4203 "https://technologyclassroom.org/about" "Mozilla/5.0 (Windows NT 10.0; Win64; x64; rv:109.0) Gecko/20100101 Firefox/118.0"
203.0.113.10 - - [02/Apr/2026:19:30:57 +0000] "GET / HTTP/1.1" 302 487 "https://www.google.com/" "Mozilla/5.0 (Linux; Android 9; Nokia 7.1) AppleWebKit/537.36 (KHTML, like Gecko) Chrome/117.0.0.0 Mobile Safari/537.36"
10.1.1.1 - - [02/Apr/2026:19:31:00 +0000] "GET /dashboard HTTP/1.1" 304 304 "https://www.reddit.com/" "Mozilla/5.0 (Windows NT 10.0; Win64; x64; rv:109.0) Gecko/20100101 Firefox/118.0"
198.51.100.22 - - [02/Apr/2026:19:31:02 +0000] "GET /dashboard HTTP/1.1" 200 3083 "https://technologyclassroom.org/blog/post1" "Mozilla/5.0 (Macintosh; Intel Mac OS X 10_15_7) AppleWebKit/605.1.15 (KHTML, like Gecko) Version/16.6 Safari/605.1.15"
10.0.0.1 - - [02/Apr/2026:19:31:03 +0000] "GET /portfolio HTTP/1.1" 200 1299 "https://technologyclassroom.org/services" "Mozilla/5.0 (Linux; Android 11; SM-G991U) AppleWebKit/537.36 (KHTML, like Gecko) Chrome/117.0.0.0 Mobile Safari/537.36"
203.0.113.45 - - [02/Apr/2026:19:31:05 +0000] "GET /testimonials HTTP/1.1" 200 2090 "https://www.linkedin.com/" "Mozilla/5.0 (Windows NT 10.0; Win64; x64) AppleWebKit/537.36 (KHTML, like Gecko) Chrome/117.0.0.0 Safari/537.36"
192.168.1.1 - - [02/Apr/2026:19:31:06 +0000] "GET /logout HTTP/1.1" 200 4791 "https://technologyclassroom.org/blog/post1" "Mozilla/5.0 (Windows NT 10.0; Win64; x64; rv:109.0) Gecko/20100101 Firefox/118.0"
172.31.255.255 - - [02/Apr/2026:19:31:09 +0000] "GET /register HTTP/1.1" 200 4192 "https://technologyclassroom.org/products" "Mozilla/5.0 (Windows NT 10.0; Win64; x64; rv:109.0) Gecko/20100101 Firefox/118.0"
192.168.100.10 - - [02/Apr/2026:19:31:10 +0000] "GET /products HTTP/1.1" 500 331 "-" "Mozilla/5.0 (Windows NT 10.0; Win64; x64; rv:109.0) Gecko/20100101 Firefox/118.0"
169.254.169.254 - - [02/Apr/2026:19:31:12 +0000] "GET /about HTTP/1.1" 200 2426 "-" "Mozilla/5.0 (Linux; Android 9; Nokia 7.1) AppleWebKit/537.36 (KHTML, like Gecko) Chrome/117.0.0.0 Mobile Safari/537.36"
172.31.255.255 - - [02/Apr/2026:19:31:13 +0000] "GET /portfolio HTTP/1.1" 200 4297 "https://technologyclassroom.org/" "Mozilla/5.0 (Linux; Android 11; SM-G991U) AppleWebKit/537.36 (KHTML, like Gecko) Chrome/117.0.0.0 Mobile Safari/537.36"
185.199.108.154 - - [02/Apr/2026:19:31:16 +0000] "GET / HTTP/1.1" 302 412 "https://t.co/" "Mozilla/5.0 (Linux; Android 12; Pixel 5) AppleWebKit/537.36 (KHTML, like Gecko) Chrome/117.0.0.0 Mobile Safari/537.36"
192.0.78.13 - - [02/Apr/2026:19:31:19 +0000] "GET /checkout HTTP/1.1" 404 279 "https://technologyclassroom.org/" "Mozilla/5.0 (Windows NT 10.0; Win64; x64) AppleWebKit/537.36 (KHTML, like Gecko) Chrome/117.0.0.0 Safari/537.36"
172.16.0.1 - - [02/Apr/2026:19:31:22 +0000] "GET /products?category=electronics HTTP/1.1" 404 283 "https://news.ycombinator.com/" "Mozilla/5.0 (Linux; Android 11; SM-G991U) AppleWebKit/537.36 (KHTML, like Gecko) Chrome/117.0.0.0 Mobile Safari/537.36"
10.0.0.1 - - [02/Apr/2026:19:31:23 +0000] "GET /portfolio HTTP/1.1" 200 2576 "-" "Mozilla/5.0 (Linux; Android 12; Pixel 5) AppleWebKit/537.36 (KHTML, like Gecko) Chrome/117.0.0.0 Mobile Safari/537.36"
172.31.255.255 - - [02/Apr/2026:19:31:24 +0000] "GET /register HTTP/1.1" 403 216 "https://technologyclassroom.org/blog/post1" "Mozilla/5.0 (Macintosh; Intel Mac OS X 10_15_7) AppleWebKit/605.1.15 (KHTML, like Gecko) Version/16.6 Safari/605.1.15"
192.168.100.10 - - [02/Apr/2026:19:31:26 +0000] "GET /api/v1/products HTTP/1.1" 200 2697 "https://technologyclassroom.org/blog/post1" "Mozilla/5.0 (Macintosh; Intel Mac OS X 10_15_7) AppleWebKit/605.1.15 (KHTML, like Gecko) Version/16.6 Safari/605.1.15"
169.254.169.254 - - [02/Apr/2026:19:31:28 +0000] "GET /portfolio HTTP/1.1" 200 3755 "https://www.facebook.com/" "Mozilla/5.0 (Linux; Android 11; SM-G991U) AppleWebKit/537.36 (KHTML, like Gecko) Chrome/117.0.0.0 Mobile Safari/537.36"
10.0.0.1 - - [02/Apr/2026:19:31:29 +0000] "GET /portfolio HTTP/1.1" 200 2791 "https://technologyclassroom.org/about" "Mozilla/5.0 (Linux; Android 11; SM-G991U) AppleWebKit/537.36 (KHTML, like Gecko) Chrome/117.0.0.0 Mobile Safari/537.36"
192.0.2.5 - - [02/Apr/2026:19:31:32 +0000] "GET /services HTTP/1.1" 200 4784 "https://www.google.com/" "Mozilla/5.0 (Linux; Android 11; SM-G991U) AppleWebKit/537.36 (KHTML, like Gecko) Chrome/117.0.0.0 Mobile Safari/537.36"
10.1.1.1 - - [02/Apr/2026:19:31:33 +0000] "GET /api/v1/products HTTP/1.1" 200 4598 "https://technologyclassroom.org/services" "Mozilla/5.0 (Macintosh; Intel Mac OS X 10_15_7) AppleWebKit/605.1.15 (KHTML, like Gecko) Version/16.6 Safari/605.1.15"
198.51.100.22 - - [02/Apr/2026:19:31:36 +0000] "GET /checkout HTTP/1.1" 200 4248 "https://technologyclassroom.org/blog/post1" "Mozilla/5.0 (Linux; Android 10; SM-A505F) AppleWebKit/537.36 (KHTML, like Gecko) Chrome/117.0.0.0 Mobile Safari/537.36"
172.16.0.1 - - [02/Apr/2026:19:31:39 +0000] "GET /register HTTP/1.1" 200 4778 "https://technologyclassroom.org/blog/post1" "Mozilla/5.0 (Windows NT 10.0; Win64; x64) AppleWebKit/537.36 (KHTML, like Gecko) Chrome/117.0.0.0 Safari/537.36"
203.0.113.250 - - [02/Apr/2026:19:31:41 +0000] "GET /about HTTP/1.1" 200 2050 "-" "Mozilla/5.0 (Linux; Android 10; SM-A505F) AppleWebKit/537.36 (KHTML, like Gecko) Chrome/117.0.0.0 Mobile Safari/537.36"
198.51.100.100 - - [02/Apr/2026:19:31:42 +0000] "GET /about HTTP/1.1" 200 1358 "https://www.linkedin.com/" "Mozilla/5.0 (Macintosh; Intel Mac OS X 10_15_7) AppleWebKit/605.1.15 (KHTML, like Gecko) Version/16.6 Safari/605.1.15"
192.0.2.5 - - [02/Apr/2026:19:31:44 +0000] "GET /api/v1/products HTTP/1.1" 200 4985 "https://technologyclassroom.org/about" "Mozilla/5.0 (Linux; Android 11; SM-G991U) AppleWebKit/537.36 (KHTML, like Gecko) Chrome/117.0.0.0 Mobile Safari/537.36"
192.0.78.14 - - [02/Apr/2026:19:31:47 +0000] "GET /register HTTP/1.1" 304 214 "https://technologyclassroom.org/blog/post1" "Mozilla/5.0 (Macintosh; Intel Mac OS X 10_15_7) AppleWebKit/605.1.15 (KHTML, like Gecko) Version/16.6 Safari/605.1.15"
172.31.255.255 - - [02/Apr/2026:19:31:49 +0000] "GET /dashboard HTTP/1.1" 200 2116 "https://technologyclassroom.org/products" "Mozilla/5.0 (Macintosh; Intel Mac OS X 10_15_7) AppleWebKit/605.1.15 (KHTML, like Gecko) Version/16.6 Safari/605.1.15"
198.51.100.22 - - [02/Apr/2026:19:31:52 +0000] "GET /services HTTP/1.1" 304 388 "https://news.ycombinator.com/" "Mozilla/5.0 (iPhone; CPU iPhone OS 16_6_1 like Mac OS X) AppleWebKit/605.1.15 (KHTML, like Gecko) Version/16.6 Mobile/15E148 Safari/604.1"
192.0.2.5 - - [02/Apr/2026:19:31:53 +0000] "GET /checkout HTTP/1.1" 200 2198 "https://technologyclassroom.org/about" "Mozilla/5.0 (Windows NT 10.0; Win64; x64) AppleWebKit/537.36 (KHTML, like Gecko) Chrome/117.0.0.0 Safari/537.36"
172.31.255.255 - - [02/Apr/2026:19:31:54 +0000] "GET /blog/post1 HTTP/1.1" 304 236 "https://www.google.com/" "Mozilla/5.0 (Linux; Android 11; SM-G991U) AppleWebKit/537.36 (KHTML, like Gecko) Chrome/117.0.0.0 Mobile Safari/537.36"
192.168.100.10 - - [02/Apr/2026:19:31:56 +0000] "GET /testimonials HTTP/1.1" 404 361 "https://www.reddit.com/" "Mozilla/5.0 (Linux; Android 10; SM-A505F) AppleWebKit/537.36 (KHTML, like Gecko) Chrome/117.0.0.0 Mobile Safari/537.36"
172.16.0.1 - - [02/Apr/2026:19:31:57 +0000] "GET /cart HTTP/1.1" 500 434 "https://technologyclassroom.org/" "Mozilla/5.0 (Windows NT 10.0; Win64; x64; rv:109.0) Gecko/20100101 Firefox/118.0"
169.254.169.254 - - [02/Apr/2026:19:31:59 +0000] "GET /cart HTTP/1.1" 302 430 "https://technologyclassroom.org/" "Mozilla/5.0 (iPad; CPU OS 16_0 like Mac OS X) AppleWebKit/605.1.15 (KHTML, like Gecko) Version/16.0 Mobile/15E148 Safari/604.1"
192.0.78.13 - - [02/Apr/2026:19:32:00 +0000] "GET /dashboard HTTP/1.1" 200 1105 "https://technologyclassroom.org/products" "Mozilla/5.0 (Windows NT 10.0; Win64; x64; rv:109.0) Gecko/20100101 Firefox/118.0"
198.51.100.50 - - [02/Apr/2026:19:32:03 +0000] "GET /cart HTTP/1.1" 200 4869 "https://technologyclassroom.org/services" "Mozilla/5.0 (Linux; Android 11; SM-G991U) AppleWebKit/537.36 (KHTML, like Gecko) Chrome/117.0.0.0 Mobile Safari/537.36"
192.0.78.13 - - [02/Apr/2026:19:32:06 +0000] "GET / HTTP/1.1" 200 4539 "https://www.linkedin.com/" "Mozilla/5.0 (Linux; Android 9; Nokia 7.1) AppleWebKit/537.36 (KHTML, like Gecko) Chrome/117.0.0.0 Mobile Safari/537.36"
203.0.113.250 - - [02/Apr/2026:19:32:07 +0000] "GET /blog/post1 HTTP/1.1" 404 368 "https://www.google.com/" "Mozilla/5.0 (Windows NT 10.0; Win64; x64) AppleWebKit/537.36 (KHTML, like Gecko) Chrome/117.0.0.0 Safari/537.36"
172.16.0.1 - - [02/Apr/2026:19:32:10 +0000] "GET /blog/post1 HTTP/1.1" 302 323 "https://www.reddit.com/" "Mozilla/5.0 (Linux; Android 12; Pixel 5) AppleWebKit/537.36 (KHTML, like Gecko) Chrome/117.0.0.0 Mobile Safari/537.36"
192.0.2.5 - - [02/Apr/2026:19:32:13 +0000] "GET /products HTTP/1.1" 200 3600 "https://www.facebook.com/" "Mozilla/5.0 (Windows NT 10.0; Win64; x64) AppleWebKit/537.36 (KHTML, like Gecko) Chrome/117.0.0.0 Safari/537.36"
144.96.23.25 - - [02/Apr/2026:19:32:14 +0000] "GET /about HTTP/1.1" 200 4215 "https://www.reddit.com/" "Mozilla/5.0 (iPhone; CPU iPhone OS 16_6_1 like Mac OS X) AppleWebKit/605.1.15 (KHTML, like Gecko) Version/16.6 Mobile/15E148 Safari/604.1"
192.0.2.5 - - [02/Apr/2026:19:32:15 +0000] "GET /services HTTP/1.1" 304 293 "https://news.ycombinator.com/" "Mozilla/5.0 (iPad; CPU OS 16_0 like Mac OS X) AppleWebKit/605.1.15 (KHTML, like Gecko) Version/16.0 Mobile/15E148 Safari/604.1"
192.0.78.14 - - [02/Apr/2026:19:32:18 +0000] "GET /services HTTP/1.1" 200 3323 "https://www.facebook.com/" "Mozilla/5.0 (iPad; CPU OS 16_0 like Mac OS X) AppleWebKit/605.1.15 (KHTML, like Gecko) Version/16.0 Mobile/15E148 Safari/604.1"
10.0.0.1 - - [02/Apr/2026:19:32:20 +0000] "GET /checkout HTTP/1.1" 500 406 "https://www.facebook.com/" "Mozilla/5.0 (Macintosh; Intel Mac OS X 10_15_7) AppleWebKit/605.1.15 (KHTML, like Gecko) Version/16.6 Safari/605.1.15"
203.0.113.250 - - [02/Apr/2026:19:32:21 +0000] "GET /testimonials HTTP/1.1" 403 203 "https://technologyclassroom.org/blog/post1" "Mozilla/5.0 (Windows NT 10.0; Win64; x64) AppleWebKit/537.36 (KHTML, like Gecko) Chrome/117.0.0.0 Safari/537.36"
203.0.113.10 - - [02/Apr/2026:19:32:23 +0000] "GET / HTTP/1.1" 200 3034 "https://www.reddit.com/" "Mozilla/5.0 (Linux; Android 9; Nokia 7.1) AppleWebKit/537.36 (KHTML, like Gecko) Chrome/117.0.0.0 Mobile Safari/537.36"
192.168.100.10 - - [02/Apr/2026:19:32:25 +0000] "GET /dashboard HTTP/1.1" 500 200 "https://www.reddit.com/" "Mozilla/5.0 (Linux; Android 10; SM-A505F) AppleWebKit/537.36 (KHTML, like Gecko) Chrome/117.0.0.0 Mobile Safari/537.36"
10.1.1.1 - - [02/Apr/2026:19:32:28 +0000] "GET /logout HTTP/1.1" 200 1623 "https://technologyclassroom.org/products" "Mozilla/5.0 (Windows NT 10.0; Win64; x64) AppleWebKit/537.36 (KHTML, like Gecko) Chrome/117.0.0.0 Safari/537.36"
198.51.100.22 - - [02/Apr/2026:19:32:31 +0000] "GET /products?sort=price HTTP/1.1" 200 1242 "https://www.google.com/" "Mozilla/5.0 (Macintosh; Intel Mac OS X 10_15_7) AppleWebKit/605.1.15 (KHTML, like Gecko) Version/16.6 Safari/605.1.15"
10.0.0.1 - - [02/Apr/2026:19:32:33 +0000] "POST /login HTTP/1.1" 200 3581 "https://technologyclassroom.org/" "Mozilla/5.0 (Windows NT 10.0; Win64; x64; rv:109.0) Gecko/20100101 Firefox/118.0"
198.51.100.100 - - [02/Apr/2026:19:32:36 +0000] "GET /portfolio HTTP/1.1" 200 2057 "https://technologyclassroom.org/about" "Mozilla/5.0 (Linux; Android 11; SM-G991U) AppleWebKit/537.36 (KHTML, like Gecko) Chrome/117.0.0.0 Mobile Safari/537.36"
192.0.2.5 - - [02/Apr/2026:19:32:38 +0000] "GET /blog/post1 HTTP/1.1" 200 4574 "https://t.co/" "Mozilla/5.0 (iPad; CPU OS 16_0 like Mac OS X) AppleWebKit/605.1.15 (KHTML, like Gecko) Version/16.0 Mobile/15E148 Safari/604.1"
192.0.78.13 - - [02/Apr/2026:19:32:40 +0000] "GET /blog/post1 HTTP/1.1" 200 3215 "https://www.facebook.com/" "Mozilla/5.0 (iPad; CPU OS 16_0 like Mac OS X) AppleWebKit/605.1.15 (KHTML, like Gecko) Version/16.0 Mobile/15E148 Safari/604.1"
198.51.100.22 - - [02/Apr/2026:19:32:43 +0000] "GET /logout HTTP/1.1" 200 1065 "https://technologyclassroom.org/services" "Mozilla/5.0 (Windows NT 10.0; Win64; x64; rv:109.0) Gecko/20100101 Firefox/118.0"
10.1.1.1 - - [02/Apr/2026:19:32:45 +0000] "GET /checkout HTTP/1.1" 404 407 "https://www.facebook.com/" "Mozilla/5.0 (Windows NT 10.0; Win64; x64; rv:109.0) Gecko/20100101 Firefox/118.0"
192.0.78.14 - - [02/Apr/2026:19:32:46 +0000] "GET /testimonials HTTP/1.1" 304 203 "https://technologyclassroom.org/about" "Mozilla/5.0 (iPad; CPU OS 16_0 like Mac OS X) AppleWebKit/605.1.15 (KHTML, like Gecko) Version/16.0 Mobile/15E148 Safari/604.1"
192.0.78.14 - - [02/Apr/2026:19:32:48 +0000] "GET /checkout HTTP/1.1" 200 1070 "-" "Mozilla/5.0 (Linux; Android 11; SM-G991U) AppleWebKit/537.36 (KHTML, like Gecko) Chrome/117.0.0.0 Mobile Safari/537.36"
144.96.23.25 - - [02/Apr/2026:19:32:49 +0000] "GET /blog/post1 HTTP/1.1" 200 2276 "https://t.co/" "Mozilla/5.0 (Macintosh; Intel Mac OS X 10_15_7) AppleWebKit/605.1.15 (KHTML, like Gecko) Version/16.6 Safari/605.1.15"
203.0.113.10 - - [02/Apr/2026:19:32:52 +0000] "GET /dashboard HTTP/1.1" 200 4042 "-" "Mozilla/5.0 (iPhone; CPU iPhone OS 16_6_1 like Mac OS X) AppleWebKit/605.1.15 (KHTML, like Gecko) Version/16.6 Mobile/15E148 Safari/604.1"
192.0.78.14 - - [02/Apr/2026:19:32:54 +0000] "GET /checkout HTTP/1.1" 200 4030 "https://technologyclassroom.org/products" "Mozilla/5.0 (Windows NT 10.0; Win64; x64) AppleWebKit/537.36 (KHTML, like Gecko) Chrome/117.0.0.0 Safari/537.36"
144.96.23.25 - - [02/Apr/2026:19:32:55 +0000] "GET /checkout HTTP/1.1" 200 2705 "https://technologyclassroom.org/about" "Mozilla/5.0 (Windows NT 10.0; Win64; x64; rv:109.0) Gecko/20100101 Firefox/118.0"
10.1.1.1 - - [02/Apr/2026:19:32:58 +0000] "GET /testimonials HTTP/1.1" 304 230 "https://technologyclassroom.org/services" "Mozilla/5.0 (Linux; Android 12; Pixel 5) AppleWebKit/537.36 (KHTML, like Gecko) Chrome/117.0.0.0 Mobile Safari/537.36"
144.96.23.25 - - [02/Apr/2026:19:33:00 +0000] "GET /register HTTP/1.1" 200 1556 "https://technologyclassroom.org/services" "Mozilla/5.0 (iPhone; CPU iPhone OS 16_6_1 like Mac OS X) AppleWebKit/605.1.15 (KHTML, like Gecko) Version/16.6 Mobile/15E148 Safari/604.1"
203.0.113.45 - - [02/Apr/2026:19:33:01 +0000] "GET /portfolio HTTP/1.1" 200 4947 "https://technologyclassroom.org/blog/post1" "Mozilla/5.0 (Linux; Android 12; Pixel 5) AppleWebKit/537.36 (KHTML, like Gecko) Chrome/117.0.0.0 Mobile Safari/537.36"
203.0.113.250 - - [02/Apr/2026:19:33:04 +0000] "GET /services HTTP/1.1" 304 215 "https://news.ycombinator.com/" "Mozilla/5.0 (Windows NT 10.0; Win64; x64; rv:109.0) Gecko/20100101 Firefox/118.0"
10.0.0.1 - - [02/Apr/2026:19:33:05 +0000] "GET /dashboard HTTP/1.1" 200 1673 "https://technologyclassroom.org/services" "Mozilla/5.0 (iPad; CPU OS 16_0 like Mac OS X) AppleWebKit/605.1.15 (KHTML, like Gecko) Version/16.0 Mobile/15E148 Safari/604.1"
203.0.113.250 - - [02/Apr/2026:19:33:06 +0000] "GET /products HTTP/1.1" 404 357 "-" "Mozilla/5.0 (Linux; Android 11; SM-G991U) AppleWebKit/537.36 (KHTML, like Gecko) Chrome/117.0.0.0 Mobile Safari/537.36"
192.0.2.5 - - [02/Apr/2026:19:33:08 +0000] "GET /login HTTP/1.1" 200 1273 "https://technologyclassroom.org/" "Mozilla/5.0 (Windows NT 10.0; Win64; x64) AppleWebKit/537.36 (KHTML, like Gecko) Chrome/117.0.0.0 Safari/537.36"
198.51.100.100 - - [02/Apr/2026:19:33:11 +0000] "GET /checkout HTTP/1.1" 200 4141 "https://t.co/" "Mozilla/5.0 (Linux; Android 11; SM-G991U) AppleWebKit/537.36 (KHTML, like Gecko) Chrome/117.0.0.0 Mobile Safari/537.36"
192.168.1.1 - - [02/Apr/2026:19:33:12 +0000] "GET /checkout HTTP/1.1" 200 2463 "https://www.reddit.com/" "Mozilla/5.0 (Linux; Android 9; Nokia 7.1) AppleWebKit/537.36 (KHTML, like Gecko) Chrome/117.0.0.0 Mobile Safari/537.36"
172.31.255.255 - - [02/Apr/2026:19:33:15 +0000] "GET /api/v1/products HTTP/1.1" 302 473 "https://technologyclassroom.org/services" "Mozilla/5.0 (Windows NT 10.0; Win64; x64) AppleWebKit/537.36 (KHTML, like Gecko) Chrome/117.0.0.0 Safari/537.36"
192.0.78.13 - - [02/Apr/2026:19:33:16 +0000] "GET /dashboard HTTP/1.1" 200 1277 "https://www.reddit.com/" "Mozilla/5.0 (Windows NT 10.0; Win64; x64) AppleWebKit/537.36 (KHTML, like Gecko) Chrome/117.0.0.0 Safari/537.36"
198.51.100.50 - - [02/Apr/2026:19:33:18 +0000] "GET /dashboard HTTP/1.1" 200 1401 "https://technologyclassroom.org/services" "Mozilla/5.0 (Linux; Android 11; SM-G991U) AppleWebKit/537.36 (KHTML, like Gecko) Chrome/117.0.0.0 Mobile Safari/537.36"
192.0.78.14 - - [02/Apr/2026:19:33:19 +0000] "GET /testimonials HTTP/1.1" 200 2236 "https://technologyclassroom.org/services" "Mozilla/5.0 (iPhone; CPU iPhone OS 16_6_1 like Mac OS X) AppleWebKit/605.1.15 (KHTML, like Gecko) Version/16.6 Mobile/15E148 Safari/604.1"
192.168.1.1 - - [02/Apr/2026:19:33:20 +0000] "GET /products HTTP/1.1" 200 4291 "https://www.facebook.com/" "Mozilla/5.0 (Macintosh; Intel Mac OS X 10_15_7) AppleWebKit/605.1.15 (KHTML, like Gecko) Version/16.6 Safari/605.1.15"
